// Jest Snapshot v1, https://goo.gl/fbAQLP

exports[`renders and matches snapshot 1`] = `
<div
  className="tag-ds App"
  style={
    Object {
      "height": "30vh",
      "width": "50vw",
    }
  }
>
  <div
    className="table-rotate-device"
  >
    <span
      className="material-icons"
    >
      screen_rotation
    </span>
    <span
      className="table-rotate-device-text"
    >
      Rotate your device
    </span>
  </div>
  <div
    className="table-wrapper"
  >
    <table
      className=""
      data-testid=""
    >
      <thead
        className=""
      >
        <tr
          className=""
        >
          <td
            className=""
          >
            <div
              className="table-content"
            >
              <div
                className="checkbox-container"
              >
                <input
                  id="checkbox"
                  onChange={[Function]}
                  type="checkbox"
                />
              </div>
            </div>
          </td>
          <td
            className=""
          >
            <div
              className="table-content"
            >
              Label
            </div>
          </td>
          <td
            className=""
          >
            <div
              className="table-content"
            >
              Label
            </div>
          </td>
          <td
            className=""
          >
            <div
              className="table-content"
            >
              Label
            </div>
          </td>
          <td
            className=""
          >
            <div
              className="table-content"
            >
              Label
            </div>
          </td>
          <td
            className=""
          >
            <div
              className="table-content"
            >
              Label
            </div>
          </td>
          <td
            className=""
          >
            <div
              className="table-content"
            >
              Label
            </div>
          </td>
          <td
            className=""
          >
            <div
              className="table-content"
            >
              Label
            </div>
          </td>
          <td
            className=""
          >
            <div
              className="table-content"
            >
              <div
                className="checkbox-container"
              >
                <input
                  id="checkbox"
                  onChange={[Function]}
                  type="checkbox"
                />
              </div>
            </div>
          </td>
        </tr>
      </thead>
      <tbody
        className="rest"
        data-testid="table"
      >
        <tr
          className=""
          data-testid="table-body-row-0"
          onClick={[Function]}
        >
          <td
            className=""
          >
            <div
              className="table-content"
            >
              <div
                className="checkbox-container"
              >
                <input
                  id="checkbox"
                  onChange={[Function]}
                  type="checkbox"
                />
              </div>
            </div>
          </td>
          <td
            className=""
          >
            <div
              className="table-content"
            >
              Content
            </div>
          </td>
          <td
            className=""
          >
            <div
              className="table-content"
            >
              Content
            </div>
          </td>
          <td
            className=""
          >
            <div
              className="table-content"
            >
              Content
            </div>
          </td>
          <td
            className=""
          >
            <div
              className="table-content"
            >
              Content
            </div>
          </td>
          <td
            className=""
          >
            <div
              className="table-content"
            >
              Content
            </div>
          </td>
          <td
            className=""
          >
            <div
              className="table-content"
            >
              Content
            </div>
          </td>
          <td
            className=""
          >
            <div
              className="table-content"
            >
              Content
            </div>
          </td>
          <td
            className=""
          >
            <div
              className="table-content"
            >
              <div
                className="checkbox-container"
              >
                <input
                  id="checkbox"
                  onChange={[Function]}
                  type="checkbox"
                />
              </div>
            </div>
          </td>
        </tr>
        <tr
          className=""
          data-testid="table-body-row-1"
          onClick={[Function]}
        >
          <td
            className=""
          >
            <div
              className="table-content"
            >
              <div
                className="checkbox-container"
              >
                <input
                  id="checkbox"
                  onChange={[Function]}
                  type="checkbox"
                />
              </div>
            </div>
          </td>
          <td
            className=""
          >
            <div
              className="table-content"
            >
              Content
            </div>
          </td>
          <td
            className=""
          >
            <div
              className="table-content"
            >
              Content
            </div>
          </td>
          <td
            className=""
          >
            <div
              className="table-content"
            >
              Content
            </div>
          </td>
          <td
            className=""
          >
            <div
              className="table-content"
            >
              Content
            </div>
          </td>
          <td
            className=""
          >
            <div
              className="table-content"
            >
              Content
            </div>
          </td>
          <td
            className=""
          >
            <div
              className="table-content"
            >
              Content
            </div>
          </td>
          <td
            className=""
          >
            <div
              className="table-content"
            >
              Content
            </div>
          </td>
          <td
            className=""
          >
            <div
              className="table-content"
            >
              <div
                className="checkbox-container"
              >
                <input
                  id="checkbox"
                  onChange={[Function]}
                  type="checkbox"
                />
              </div>
            </div>
          </td>
        </tr>
        <tr
          className=""
          data-testid="table-body-row-2"
          onClick={[Function]}
        >
          <td
            className=""
          >
            <div
              className="table-content"
            >
              <div
                className="checkbox-container"
              >
                <input
                  id="checkbox"
                  onChange={[Function]}
                  type="checkbox"
                />
              </div>
            </div>
          </td>
          <td
            className=""
          >
            <div
              className="table-content"
            >
              Content
            </div>
          </td>
          <td
            className=""
          >
            <div
              className="table-content"
            >
              Content
            </div>
          </td>
          <td
            className=""
          >
            <div
              className="table-content"
            >
              Content
            </div>
          </td>
          <td
            className=""
          >
            <div
              className="table-content"
            >
              Content
            </div>
          </td>
          <td
            className=""
          >
            <div
              className="table-content"
            >
              Content
            </div>
          </td>
          <td
            className=""
          >
            <div
              className="table-content"
            >
              Content
            </div>
          </td>
          <td
            className=""
          >
            <div
              className="table-content"
            >
              Content
            </div>
          </td>
          <td
            className=""
          >
            <div
              className="table-content"
            >
              <div
                className="checkbox-container"
              >
                <input
                  id="checkbox"
                  onChange={[Function]}
                  type="checkbox"
                />
              </div>
            </div>
          </td>
        </tr>
      </tbody>
    </table>
  </div>
</div>
`;
