// Jest Snapshot v1, https://goo.gl/fbAQLP

exports[`Upper Menu should render 1`] = `
<div
  className="upper-menu "
  data-testid="upper-menu"
>
  <div
    className="upper-menu_left"
    data-testid="upper-menu-title"
  >
    Section Name
  </div>
  <div
    className="upper-menu_right"
  >
    <div
      className="upper-menu-notifications"
    >
      <button
        className="upper-menu-icon"
        data-testid="upper-menu-notif-icon"
        onClick={[Function]}
      >
        <div
          className="badge_small"
        >
          4
        </div>
        <span
          className="material-icons"
        >
          notifications
        </span>
      </button>
    </div>
    <div
      className="avatar-wrapper"
    >
      <img
        alt="avatar icon"
        className="avatar_xsmall"
        src="https://www.w3schools.com/howto/img_avatar.png"
      />
      <div
        className="avatar-text-wrapper"
      >
        <span
          className="avatar-title"
        >
          Patrick Doe
        </span>
        <span
          className="avatar-subtitle"
        >
          Regional Manager
        </span>
      </div>
    </div>
    <div
      className="dropdown upper-menu-dropdown"
    >
      <div
        className="dropdown-button "
        onClick={[Function]}
      >
        <button
          className="upper-menu-info"
          data-testid="upper-menu-more-info"
        >
          <span
            className="material-icons"
          >
            more_vert
          </span>
        </button>
      </div>
      <div
        className="dropdown-menu   "
      >
        <li
          className="dropdown-item"
          onClick={[Function]}
        >
          Option
        </li>
      </div>
    </div>
  </div>
</div>
`;
